Đây là LOG file phần mềm Aray Led Test 
[2024-12-09 09:12:41.115] - [ExecuteDataSetSP/myAdapter.Fill(data_set)] - System.Data.SqlClient.SqlException (0x80131904): Could not find stored procedure 'sp_GetAllDataMeasurementResult'.
   at System.Data.SqlClient.SqlConnection.OnError(SqlException exception, Boolean breakConnection, Action`1 wrapCloseInAction)
   at System.Data.SqlClient.SqlInternalConnection.OnError(SqlException exception, Boolean breakConnection, Action`1 wrapCloseInAction)
   at System.Data.SqlClient.TdsParser.ThrowExceptionAndWarning(TdsParserStateObject stateObj, Boolean callerHasConnectionLock, Boolean asyncClose)
   at System.Data.SqlClient.TdsParser.TryRun(RunBehavior runBehavior, SqlCommand cmdHandler, SqlDataReader dataStream, BulkCopySimpleResultSet bulkCopyHandler, TdsParserStateObject stateObj, Boolean& dataReady)
   at System.Data.SqlClient.SqlDataReader.TryConsumeMetaData()
   at System.Data.SqlClient.SqlDataReader.get_MetaData()
   at System.Data.SqlClient.SqlCommand.FinishExecuteReader(SqlDataReader ds, RunBehavior runBehavior, String resetOptionsString, Boolean isInternal, Boolean forDescribeParameterEncryption, Boolean shouldCacheForAlwaysEncrypted)
   at System.Data.SqlClient.SqlCommand.RunExecuteReaderTds(CommandBehavior cmdBehavior, RunBehavior runBehavior, Boolean returnStream, Boolean async, Int32 timeout, Task& task, Boolean asyncWrite, Boolean inRetry, SqlDataReader ds, Boolean describeParameterEncryptionRequest)
   at System.Data.SqlClient.SqlCommand.RunExecuteReader(CommandBehavior cmdBehavior, RunBehavior runBehavior, Boolean returnStream, String method, TaskCompletionSource`1 completion, Int32 timeout, Task& task, Boolean& usedCache, Boolean asyncWrite, Boolean inRetry)
   at System.Data.SqlClient.SqlCommand.RunExecuteReader(CommandBehavior cmdBehavior, RunBehavior runBehavior, Boolean returnStream, String method)
   at System.Data.SqlClient.SqlCommand.ExecuteReader(CommandBehavior behavior, String method)
   at System.Data.SqlClient.SqlCommand.ExecuteDbDataReader(CommandBehavior behavior)
   at System.Data.Common.DbCommand.System.Data.IDbCommand.ExecuteReader(CommandBehavior behavior)
   at System.Data.Common.DbDataAdapter.FillInternal(DataSet dataset, DataTable[] datatables, Int32 startRecord, Int32 maxRecords, String srcTable, IDbCommand command, CommandBehavior behavior)
   at System.Data.Common.DbDataAdapter.Fill(DataSet dataSet, Int32 startRecord, Int32 maxRecords, String srcTable, IDbCommand command, CommandBehavior behavior)
   at System.Data.Common.DbDataAdapter.Fill(DataSet dataSet)
   at DXApplication1.Common.msSQL.ExecuteDataSetSP(String proc_name, String pname1, Object pvalue1, String pname2, Object pvalue2, String pname3, Object pvalue3, String pname4, Object pvalue4, String pname5, Object pvalue5, String pname6, Object pvalue6, String pname7, Object pvalue7, String pname8, Object pvalue8, String pname9, Object pvalue9, String pname10, Object pvalue10, String pname11, Object pvalue11, String pname12, Object pvalue12, String pname13, Object pvalue13, String pname14, Object pvalue14, String pname15, Object pvalue15, String pname16, Object pvalue16, String pname17, Object pvalue17, String pname18, Object pvalue18, String pname19, Object pvalue19, String pname20, Object pvalue20) in D:\Work\PMTT\2024\6.ManagingWasteInventory\Software\Winform\DXApplication1\DXApplication1\DXApplication1\Common\SQLFunc.cs:line 467
ClientConnectionId:efe78cf2-559f-4285-a952-ade0309ad605
Error Number:2812,State:62,Class:16
[2024-12-09 09:13:30.737] - [ExecuteDataSetSP/myAdapter.Fill(data_set)] - System.Data.SqlClient.SqlException (0x80131904): Could not find stored procedure 'sp_GetAllDataMeasurementResult'.
   at System.Data.SqlClient.SqlConnection.OnError(SqlException exception, Boolean breakConnection, Action`1 wrapCloseInAction)
   at System.Data.SqlClient.SqlInternalConnection.OnError(SqlException exception, Boolean breakConnection, Action`1 wrapCloseInAction)
   at System.Data.SqlClient.TdsParser.ThrowExceptionAndWarning(TdsParserStateObject stateObj, Boolean callerHasConnectionLock, Boolean asyncClose)
   at System.Data.SqlClient.TdsParser.TryRun(RunBehavior runBehavior, SqlCommand cmdHandler, SqlDataReader dataStream, BulkCopySimpleResultSet bulkCopyHandler, TdsParserStateObject stateObj, Boolean& dataReady)
   at System.Data.SqlClient.SqlDataReader.TryConsumeMetaData()
   at System.Data.SqlClient.SqlDataReader.get_MetaData()
   at System.Data.SqlClient.SqlCommand.FinishExecuteReader(SqlDataReader ds, RunBehavior runBehavior, String resetOptionsString, Boolean isInternal, Boolean forDescribeParameterEncryption, Boolean shouldCacheForAlwaysEncrypted)
   at System.Data.SqlClient.SqlCommand.RunExecuteReaderTds(CommandBehavior cmdBehavior, RunBehavior runBehavior, Boolean returnStream, Boolean async, Int32 timeout, Task& task, Boolean asyncWrite, Boolean inRetry, SqlDataReader ds, Boolean describeParameterEncryptionRequest)
   at System.Data.SqlClient.SqlCommand.RunExecuteReader(CommandBehavior cmdBehavior, RunBehavior runBehavior, Boolean returnStream, String method, TaskCompletionSource`1 completion, Int32 timeout, Task& task, Boolean& usedCache, Boolean asyncWrite, Boolean inRetry)
   at System.Data.SqlClient.SqlCommand.RunExecuteReader(CommandBehavior cmdBehavior, RunBehavior runBehavior, Boolean returnStream, String method)
   at System.Data.SqlClient.SqlCommand.ExecuteReader(CommandBehavior behavior, String method)
   at System.Data.SqlClient.SqlCommand.ExecuteDbDataReader(CommandBehavior behavior)
   at System.Data.Common.DbCommand.System.Data.IDbCommand.ExecuteReader(CommandBehavior behavior)
   at System.Data.Common.DbDataAdapter.FillInternal(DataSet dataset, DataTable[] datatables, Int32 startRecord, Int32 maxRecords, String srcTable, IDbCommand command, CommandBehavior behavior)
   at System.Data.Common.DbDataAdapter.Fill(DataSet dataSet, Int32 startRecord, Int32 maxRecords, String srcTable, IDbCommand command, CommandBehavior behavior)
   at System.Data.Common.DbDataAdapter.Fill(DataSet dataSet)
   at DXApplication1.Common.msSQL.ExecuteDataSetSP(String proc_name, String pname1, Object pvalue1, String pname2, Object pvalue2, String pname3, Object pvalue3, String pname4, Object pvalue4, String pname5, Object pvalue5, String pname6, Object pvalue6, String pname7, Object pvalue7, String pname8, Object pvalue8, String pname9, Object pvalue9, String pname10, Object pvalue10, String pname11, Object pvalue11, String pname12, Object pvalue12, String pname13, Object pvalue13, String pname14, Object pvalue14, String pname15, Object pvalue15, String pname16, Object pvalue16, String pname17, Object pvalue17, String pname18, Object pvalue18, String pname19, Object pvalue19, String pname20, Object pvalue20) in D:\Work\PMTT\2024\6.ManagingWasteInventory\Software\Winform\DXApplication1\DXApplication1\DXApplication1\Common\SQLFunc.cs:line 467
ClientConnectionId:52677630-5cb6-4f50-914c-c37a917f5ee8
Error Number:2812,State:62,Class:16
[2024-12-09 09:15:45.460] - [ExecuteDataSetSP/myAdapter.Fill(data_set)] - System.Data.SqlClient.SqlException (0x80131904): Could not find stored procedure 'sp_GetAllDataMeasurementResult'.
   at System.Data.SqlClient.SqlConnection.OnError(SqlException exception, Boolean breakConnection, Action`1 wrapCloseInAction)
   at System.Data.SqlClient.SqlInternalConnection.OnError(SqlException exception, Boolean breakConnection, Action`1 wrapCloseInAction)
   at System.Data.SqlClient.TdsParser.ThrowExceptionAndWarning(TdsParserStateObject stateObj, Boolean callerHasConnectionLock, Boolean asyncClose)
   at System.Data.SqlClient.TdsParser.TryRun(RunBehavior runBehavior, SqlCommand cmdHandler, SqlDataReader dataStream, BulkCopySimpleResultSet bulkCopyHandler, TdsParserStateObject stateObj, Boolean& dataReady)
   at System.Data.SqlClient.SqlDataReader.TryConsumeMetaData()
   at System.Data.SqlClient.SqlDataReader.get_MetaData()
   at System.Data.SqlClient.SqlCommand.FinishExecuteReader(SqlDataReader ds, RunBehavior runBehavior, String resetOptionsString, Boolean isInternal, Boolean forDescribeParameterEncryption, Boolean shouldCacheForAlwaysEncrypted)
   at System.Data.SqlClient.SqlCommand.RunExecuteReaderTds(CommandBehavior cmdBehavior, RunBehavior runBehavior, Boolean returnStream, Boolean async, Int32 timeout, Task& task, Boolean asyncWrite, Boolean inRetry, SqlDataReader ds, Boolean describeParameterEncryptionRequest)
   at System.Data.SqlClient.SqlCommand.RunExecuteReader(CommandBehavior cmdBehavior, RunBehavior runBehavior, Boolean returnStream, String method, TaskCompletionSource`1 completion, Int32 timeout, Task& task, Boolean& usedCache, Boolean asyncWrite, Boolean inRetry)
   at System.Data.SqlClient.SqlCommand.RunExecuteReader(CommandBehavior cmdBehavior, RunBehavior runBehavior, Boolean returnStream, String method)
   at System.Data.SqlClient.SqlCommand.ExecuteReader(CommandBehavior behavior, String method)
   at System.Data.SqlClient.SqlCommand.ExecuteDbDataReader(CommandBehavior behavior)
   at System.Data.Common.DbCommand.System.Data.IDbCommand.ExecuteReader(CommandBehavior behavior)
   at System.Data.Common.DbDataAdapter.FillInternal(DataSet dataset, DataTable[] datatables, Int32 startRecord, Int32 maxRecords, String srcTable, IDbCommand command, CommandBehavior behavior)
   at System.Data.Common.DbDataAdapter.Fill(DataSet dataSet, Int32 startRecord, Int32 maxRecords, String srcTable, IDbCommand command, CommandBehavior behavior)
   at System.Data.Common.DbDataAdapter.Fill(DataSet dataSet)
   at DXApplication1.Common.msSQL.ExecuteDataSetSP(String proc_name, String pname1, Object pvalue1, String pname2, Object pvalue2, String pname3, Object pvalue3, String pname4, Object pvalue4, String pname5, Object pvalue5, String pname6, Object pvalue6, String pname7, Object pvalue7, String pname8, Object pvalue8, String pname9, Object pvalue9, String pname10, Object pvalue10, String pname11, Object pvalue11, String pname12, Object pvalue12, String pname13, Object pvalue13, String pname14, Object pvalue14, String pname15, Object pvalue15, String pname16, Object pvalue16, String pname17, Object pvalue17, String pname18, Object pvalue18, String pname19, Object pvalue19, String pname20, Object pvalue20) in D:\Work\PMTT\2024\6.ManagingWasteInventory\Software\Winform\DXApplication1\DXApplication1\DXApplication1\Common\SQLFunc.cs:line 467
ClientConnectionId:351ae40f-2e6c-4074-b8ba-19551bde0504
Error Number:2812,State:62,Class:16
[2024-12-09 09:19:06.338] - [ExecuteDataSetSP/myAdapter.Fill(data_set)] - System.Data.SqlClient.SqlException (0x80131904): Could not find stored procedure 'sp_GetAllDataMeasurementResult'.
   at System.Data.SqlClient.SqlConnection.OnError(SqlException exception, Boolean breakConnection, Action`1 wrapCloseInAction)
   at System.Data.SqlClient.SqlInternalConnection.OnError(SqlException exception, Boolean breakConnection, Action`1 wrapCloseInAction)
   at System.Data.SqlClient.TdsParser.ThrowExceptionAndWarning(TdsParserStateObject stateObj, Boolean callerHasConnectionLock, Boolean asyncClose)
   at System.Data.SqlClient.TdsParser.TryRun(RunBehavior runBehavior, SqlCommand cmdHandler, SqlDataReader dataStream, BulkCopySimpleResultSet bulkCopyHandler, TdsParserStateObject stateObj, Boolean& dataReady)
   at System.Data.SqlClient.SqlDataReader.TryConsumeMetaData()
   at System.Data.SqlClient.SqlDataReader.get_MetaData()
   at System.Data.SqlClient.SqlCommand.FinishExecuteReader(SqlDataReader ds, RunBehavior runBehavior, String resetOptionsString, Boolean isInternal, Boolean forDescribeParameterEncryption, Boolean shouldCacheForAlwaysEncrypted)
   at System.Data.SqlClient.SqlCommand.RunExecuteReaderTds(CommandBehavior cmdBehavior, RunBehavior runBehavior, Boolean returnStream, Boolean async, Int32 timeout, Task& task, Boolean asyncWrite, Boolean inRetry, SqlDataReader ds, Boolean describeParameterEncryptionRequest)
   at System.Data.SqlClient.SqlCommand.RunExecuteReader(CommandBehavior cmdBehavior, RunBehavior runBehavior, Boolean returnStream, String method, TaskCompletionSource`1 completion, Int32 timeout, Task& task, Boolean& usedCache, Boolean asyncWrite, Boolean inRetry)
   at System.Data.SqlClient.SqlCommand.RunExecuteReader(CommandBehavior cmdBehavior, RunBehavior runBehavior, Boolean returnStream, String method)
   at System.Data.SqlClient.SqlCommand.ExecuteReader(CommandBehavior behavior, String method)
   at System.Data.SqlClient.SqlCommand.ExecuteDbDataReader(CommandBehavior behavior)
   at System.Data.Common.DbCommand.System.Data.IDbCommand.ExecuteReader(CommandBehavior behavior)
   at System.Data.Common.DbDataAdapter.FillInternal(DataSet dataset, DataTable[] datatables, Int32 startRecord, Int32 maxRecords, String srcTable, IDbCommand command, CommandBehavior behavior)
   at System.Data.Common.DbDataAdapter.Fill(DataSet dataSet, Int32 startRecord, Int32 maxRecords, String srcTable, IDbCommand command, CommandBehavior behavior)
   at System.Data.Common.DbDataAdapter.Fill(DataSet dataSet)
   at DXApplication1.Common.msSQL.ExecuteDataSetSP(String proc_name, String pname1, Object pvalue1, String pname2, Object pvalue2, String pname3, Object pvalue3, String pname4, Object pvalue4, String pname5, Object pvalue5, String pname6, Object pvalue6, String pname7, Object pvalue7, String pname8, Object pvalue8, String pname9, Object pvalue9, String pname10, Object pvalue10, String pname11, Object pvalue11, String pname12, Object pvalue12, String pname13, Object pvalue13, String pname14, Object pvalue14, String pname15, Object pvalue15, String pname16, Object pvalue16, String pname17, Object pvalue17, String pname18, Object pvalue18, String pname19, Object pvalue19, String pname20, Object pvalue20) in D:\Work\PMTT\2024\6.ManagingWasteInventory\Software\Winform\DXApplication1\DXApplication1\DXApplication1\Common\SQLFunc.cs:line 467
ClientConnectionId:2195059b-bb51-4f7d-b8f4-1de6ab007599
Error Number:2812,State:62,Class:16
[2024-12-09 09:22:12.456] - [ExecuteDataSetSP/myAdapter.Fill(data_set)] - System.Data.SqlClient.SqlException (0x80131904): Could not find stored procedure 'sp_GetAllDataMeasurementResult'.
   at System.Data.SqlClient.SqlConnection.OnError(SqlException exception, Boolean breakConnection, Action`1 wrapCloseInAction)
   at System.Data.SqlClient.SqlInternalConnection.OnError(SqlException exception, Boolean breakConnection, Action`1 wrapCloseInAction)
   at System.Data.SqlClient.TdsParser.ThrowExceptionAndWarning(TdsParserStateObject stateObj, Boolean callerHasConnectionLock, Boolean asyncClose)
   at System.Data.SqlClient.TdsParser.TryRun(RunBehavior runBehavior, SqlCommand cmdHandler, SqlDataReader dataStream, BulkCopySimpleResultSet bulkCopyHandler, TdsParserStateObject stateObj, Boolean& dataReady)
   at System.Data.SqlClient.SqlDataReader.TryConsumeMetaData()
   at System.Data.SqlClient.SqlDataReader.get_MetaData()
   at System.Data.SqlClient.SqlCommand.FinishExecuteReader(SqlDataReader ds, RunBehavior runBehavior, String resetOptionsString, Boolean isInternal, Boolean forDescribeParameterEncryption, Boolean shouldCacheForAlwaysEncrypted)
   at System.Data.SqlClient.SqlCommand.RunExecuteReaderTds(CommandBehavior cmdBehavior, RunBehavior runBehavior, Boolean returnStream, Boolean async, Int32 timeout, Task& task, Boolean asyncWrite, Boolean inRetry, SqlDataReader ds, Boolean describeParameterEncryptionRequest)
   at System.Data.SqlClient.SqlCommand.RunExecuteReader(CommandBehavior cmdBehavior, RunBehavior runBehavior, Boolean returnStream, String method, TaskCompletionSource`1 completion, Int32 timeout, Task& task, Boolean& usedCache, Boolean asyncWrite, Boolean inRetry)
   at System.Data.SqlClient.SqlCommand.RunExecuteReader(CommandBehavior cmdBehavior, RunBehavior runBehavior, Boolean returnStream, String method)
   at System.Data.SqlClient.SqlCommand.ExecuteReader(CommandBehavior behavior, String method)
   at System.Data.SqlClient.SqlCommand.ExecuteDbDataReader(CommandBehavior behavior)
   at System.Data.Common.DbCommand.System.Data.IDbCommand.ExecuteReader(CommandBehavior behavior)
   at System.Data.Common.DbDataAdapter.FillInternal(DataSet dataset, DataTable[] datatables, Int32 startRecord, Int32 maxRecords, String srcTable, IDbCommand command, CommandBehavior behavior)
   at System.Data.Common.DbDataAdapter.Fill(DataSet dataSet, Int32 startRecord, Int32 maxRecords, String srcTable, IDbCommand command, CommandBehavior behavior)
   at System.Data.Common.DbDataAdapter.Fill(DataSet dataSet)
   at DXApplication1.Common.msSQL.ExecuteDataSetSP(String proc_name, String pname1, Object pvalue1, String pname2, Object pvalue2, String pname3, Object pvalue3, String pname4, Object pvalue4, String pname5, Object pvalue5, String pname6, Object pvalue6, String pname7, Object pvalue7, String pname8, Object pvalue8, String pname9, Object pvalue9, String pname10, Object pvalue10, String pname11, Object pvalue11, String pname12, Object pvalue12, String pname13, Object pvalue13, String pname14, Object pvalue14, String pname15, Object pvalue15, String pname16, Object pvalue16, String pname17, Object pvalue17, String pname18, Object pvalue18, String pname19, Object pvalue19, String pname20, Object pvalue20) in D:\Work\PMTT\2024\6.ManagingWasteInventory\Software\Winform\DXApplication1\DXApplication1\DXApplication1\Common\SQLFunc.cs:line 467
ClientConnectionId:ddf3b95c-1417-49c0-bffe-b513644c423a
Error Number:2812,State:62,Class:16
[2024-12-09 09:27:24.929] - [ExecuteDataSetSP/myAdapter.Fill(data_set)] - System.Data.SqlClient.SqlException (0x80131904): Could not find stored procedure 'sp_GetAllDataMeasurementResult'.
   at System.Data.SqlClient.SqlConnection.OnError(SqlException exception, Boolean breakConnection, Action`1 wrapCloseInAction)
   at System.Data.SqlClient.SqlInternalConnection.OnError(SqlException exception, Boolean breakConnection, Action`1 wrapCloseInAction)
   at System.Data.SqlClient.TdsParser.ThrowExceptionAndWarning(TdsParserStateObject stateObj, Boolean callerHasConnectionLock, Boolean asyncClose)
   at System.Data.SqlClient.TdsParser.TryRun(RunBehavior runBehavior, SqlCommand cmdHandler, SqlDataReader dataStream, BulkCopySimpleResultSet bulkCopyHandler, TdsParserStateObject stateObj, Boolean& dataReady)
   at System.Data.SqlClient.SqlDataReader.TryConsumeMetaData()
   at System.Data.SqlClient.SqlDataReader.get_MetaData()
   at System.Data.SqlClient.SqlCommand.FinishExecuteReader(SqlDataReader ds, RunBehavior runBehavior, String resetOptionsString, Boolean isInternal, Boolean forDescribeParameterEncryption, Boolean shouldCacheForAlwaysEncrypted)
   at System.Data.SqlClient.SqlCommand.RunExecuteReaderTds(CommandBehavior cmdBehavior, RunBehavior runBehavior, Boolean returnStream, Boolean async, Int32 timeout, Task& task, Boolean asyncWrite, Boolean inRetry, SqlDataReader ds, Boolean describeParameterEncryptionRequest)
   at System.Data.SqlClient.SqlCommand.RunExecuteReader(CommandBehavior cmdBehavior, RunBehavior runBehavior, Boolean returnStream, String method, TaskCompletionSource`1 completion, Int32 timeout, Task& task, Boolean& usedCache, Boolean asyncWrite, Boolean inRetry)
   at System.Data.SqlClient.SqlCommand.RunExecuteReader(CommandBehavior cmdBehavior, RunBehavior runBehavior, Boolean returnStream, String method)
   at System.Data.SqlClient.SqlCommand.ExecuteReader(CommandBehavior behavior, String method)
   at System.Data.SqlClient.SqlCommand.ExecuteDbDataReader(CommandBehavior behavior)
   at System.Data.Common.DbCommand.System.Data.IDbCommand.ExecuteReader(CommandBehavior behavior)
   at System.Data.Common.DbDataAdapter.FillInternal(DataSet dataset, DataTable[] datatables, Int32 startRecord, Int32 maxRecords, String srcTable, IDbCommand command, CommandBehavior behavior)
   at System.Data.Common.DbDataAdapter.Fill(DataSet dataSet, Int32 startRecord, Int32 maxRecords, String srcTable, IDbCommand command, CommandBehavior behavior)
   at System.Data.Common.DbDataAdapter.Fill(DataSet dataSet)
   at DXApplication1.Common.msSQL.ExecuteDataSetSP(String proc_name, String pname1, Object pvalue1, String pname2, Object pvalue2, String pname3, Object pvalue3, String pname4, Object pvalue4, String pname5, Object pvalue5, String pname6, Object pvalue6, String pname7, Object pvalue7, String pname8, Object pvalue8, String pname9, Object pvalue9, String pname10, Object pvalue10, String pname11, Object pvalue11, String pname12, Object pvalue12, String pname13, Object pvalue13, String pname14, Object pvalue14, String pname15, Object pvalue15, String pname16, Object pvalue16, String pname17, Object pvalue17, String pname18, Object pvalue18, String pname19, Object pvalue19, String pname20, Object pvalue20) in D:\Work\PMTT\2024\6.ManagingWasteInventory\Software\Winform\DXApplication1\DXApplication1\DXApplication1\Common\SQLFunc.cs:line 467
ClientConnectionId:f71e6431-3d5f-440f-94a1-bb6564d2e592
Error Number:2812,State:62,Class:16
[2024-12-09 09:38:29.636] - [ExecuteDataSetSP/myAdapter.Fill(data_set)] - System.Data.SqlClient.SqlException (0x80131904): Could not find stored procedure 'sp_GetAllDataMeasurementResult'.
   at System.Data.SqlClient.SqlConnection.OnError(SqlException exception, Boolean breakConnection, Action`1 wrapCloseInAction)
   at System.Data.SqlClient.SqlInternalConnection.OnError(SqlException exception, Boolean breakConnection, Action`1 wrapCloseInAction)
   at System.Data.SqlClient.TdsParser.ThrowExceptionAndWarning(TdsParserStateObject stateObj, Boolean callerHasConnectionLock, Boolean asyncClose)
   at System.Data.SqlClient.TdsParser.TryRun(RunBehavior runBehavior, SqlCommand cmdHandler, SqlDataReader dataStream, BulkCopySimpleResultSet bulkCopyHandler, TdsParserStateObject stateObj, Boolean& dataReady)
   at System.Data.SqlClient.SqlDataReader.TryConsumeMetaData()
   at System.Data.SqlClient.SqlDataReader.get_MetaData()
   at System.Data.SqlClient.SqlCommand.FinishExecuteReader(SqlDataReader ds, RunBehavior runBehavior, String resetOptionsString, Boolean isInternal, Boolean forDescribeParameterEncryption, Boolean shouldCacheForAlwaysEncrypted)
   at System.Data.SqlClient.SqlCommand.RunExecuteReaderTds(CommandBehavior cmdBehavior, RunBehavior runBehavior, Boolean returnStream, Boolean async, Int32 timeout, Task& task, Boolean asyncWrite, Boolean inRetry, SqlDataReader ds, Boolean describeParameterEncryptionRequest)
   at System.Data.SqlClient.SqlCommand.RunExecuteReader(CommandBehavior cmdBehavior, RunBehavior runBehavior, Boolean returnStream, String method, TaskCompletionSource`1 completion, Int32 timeout, Task& task, Boolean& usedCache, Boolean asyncWrite, Boolean inRetry)
   at System.Data.SqlClient.SqlCommand.RunExecuteReader(CommandBehavior cmdBehavior, RunBehavior runBehavior, Boolean returnStream, String method)
   at System.Data.SqlClient.SqlCommand.ExecuteReader(CommandBehavior behavior, String method)
   at System.Data.SqlClient.SqlCommand.ExecuteDbDataReader(CommandBehavior behavior)
   at System.Data.Common.DbCommand.System.Data.IDbCommand.ExecuteReader(CommandBehavior behavior)
   at System.Data.Common.DbDataAdapter.FillInternal(DataSet dataset, DataTable[] datatables, Int32 startRecord, Int32 maxRecords, String srcTable, IDbCommand command, CommandBehavior behavior)
   at System.Data.Common.DbDataAdapter.Fill(DataSet dataSet, Int32 startRecord, Int32 maxRecords, String srcTable, IDbCommand command, CommandBehavior behavior)
   at System.Data.Common.DbDataAdapter.Fill(DataSet dataSet)
   at DXApplication1.Common.msSQL.ExecuteDataSetSP(String proc_name, String pname1, Object pvalue1, String pname2, Object pvalue2, String pname3, Object pvalue3, String pname4, Object pvalue4, String pname5, Object pvalue5, String pname6, Object pvalue6, String pname7, Object pvalue7, String pname8, Object pvalue8, String pname9, Object pvalue9, String pname10, Object pvalue10, String pname11, Object pvalue11, String pname12, Object pvalue12, String pname13, Object pvalue13, String pname14, Object pvalue14, String pname15, Object pvalue15, String pname16, Object pvalue16, String pname17, Object pvalue17, String pname18, Object pvalue18, String pname19, Object pvalue19, String pname20, Object pvalue20) in D:\Work\PMTT\2024\6.ManagingWasteInventory\Software\Winform\DXApplication1\DXApplication1\DXApplication1\Common\SQLFunc.cs:line 467
ClientConnectionId:4f0dc0fa-0368-4e78-b95f-e452129996b8
Error Number:2812,State:62,Class:16
[2024-12-09 09:41:00.868] - [ExecuteDataSetSP/myAdapter.Fill(data_set)] - System.Data.SqlClient.SqlException (0x80131904): Could not find stored procedure 'sp_GetAllDataMeasurementResult'.
   at System.Data.SqlClient.SqlConnection.OnError(SqlException exception, Boolean breakConnection, Action`1 wrapCloseInAction)
   at System.Data.SqlClient.SqlInternalConnection.OnError(SqlException exception, Boolean breakConnection, Action`1 wrapCloseInAction)
   at System.Data.SqlClient.TdsParser.ThrowExceptionAndWarning(TdsParserStateObject stateObj, Boolean callerHasConnectionLock, Boolean asyncClose)
   at System.Data.SqlClient.TdsParser.TryRun(RunBehavior runBehavior, SqlCommand cmdHandler, SqlDataReader dataStream, BulkCopySimpleResultSet bulkCopyHandler, TdsParserStateObject stateObj, Boolean& dataReady)
   at System.Data.SqlClient.SqlDataReader.TryConsumeMetaData()
   at System.Data.SqlClient.SqlDataReader.get_MetaData()
   at System.Data.SqlClient.SqlCommand.FinishExecuteReader(SqlDataReader ds, RunBehavior runBehavior, String resetOptionsString, Boolean isInternal, Boolean forDescribeParameterEncryption, Boolean shouldCacheForAlwaysEncrypted)
   at System.Data.SqlClient.SqlCommand.RunExecuteReaderTds(CommandBehavior cmdBehavior, RunBehavior runBehavior, Boolean returnStream, Boolean async, Int32 timeout, Task& task, Boolean asyncWrite, Boolean inRetry, SqlDataReader ds, Boolean describeParameterEncryptionRequest)
   at System.Data.SqlClient.SqlCommand.RunExecuteReader(CommandBehavior cmdBehavior, RunBehavior runBehavior, Boolean returnStream, String method, TaskCompletionSource`1 completion, Int32 timeout, Task& task, Boolean& usedCache, Boolean asyncWrite, Boolean inRetry)
   at System.Data.SqlClient.SqlCommand.RunExecuteReader(CommandBehavior cmdBehavior, RunBehavior runBehavior, Boolean returnStream, String method)
   at System.Data.SqlClient.SqlCommand.ExecuteReader(CommandBehavior behavior, String method)
   at System.Data.SqlClient.SqlCommand.ExecuteDbDataReader(CommandBehavior behavior)
   at System.Data.Common.DbCommand.System.Data.IDbCommand.ExecuteReader(CommandBehavior behavior)
   at System.Data.Common.DbDataAdapter.FillInternal(DataSet dataset, DataTable[] datatables, Int32 startRecord, Int32 maxRecords, String srcTable, IDbCommand command, CommandBehavior behavior)
   at System.Data.Common.DbDataAdapter.Fill(DataSet dataSet, Int32 startRecord, Int32 maxRecords, String srcTable, IDbCommand command, CommandBehavior behavior)
   at System.Data.Common.DbDataAdapter.Fill(DataSet dataSet)
   at DXApplication1.Common.msSQL.ExecuteDataSetSP(String proc_name, String pname1, Object pvalue1, String pname2, Object pvalue2, String pname3, Object pvalue3, String pname4, Object pvalue4, String pname5, Object pvalue5, String pname6, Object pvalue6, String pname7, Object pvalue7, String pname8, Object pvalue8, String pname9, Object pvalue9, String pname10, Object pvalue10, String pname11, Object pvalue11, String pname12, Object pvalue12, String pname13, Object pvalue13, String pname14, Object pvalue14, String pname15, Object pvalue15, String pname16, Object pvalue16, String pname17, Object pvalue17, String pname18, Object pvalue18, String pname19, Object pvalue19, String pname20, Object pvalue20) in D:\Work\PMTT\2024\6.ManagingWasteInventory\Software\Winform\DXApplication1\DXApplication1\DXApplication1\Common\SQLFunc.cs:line 467
ClientConnectionId:e697ae79-d562-41e2-877d-16e21bcdc77b
Error Number:2812,State:62,Class:16
