Đây là LOG file phần mềm Aray Led Test 
[2025-01-02 15:38:50.922] - [ExecuteNonQuery] - System.Data.SqlClient.SqlException (0x80131904): Incorrect syntax near the keyword 'WHERE'.
   at System.Data.SqlClient.SqlConnection.OnError(SqlException exception, Boolean breakConnection, Action`1 wrapCloseInAction)
   at System.Data.SqlClient.SqlInternalConnection.OnError(SqlException exception, Boolean breakConnection, Action`1 wrapCloseInAction)
   at System.Data.SqlClient.TdsParser.ThrowExceptionAndWarning(TdsParserStateObject stateObj, Boolean callerHasConnectionLock, Boolean asyncClose)
   at System.Data.SqlClient.TdsParser.TryRun(RunBehavior runBehavior, SqlCommand cmdHandler, SqlDataReader dataStream, BulkCopySimpleResultSet bulkCopyHandler, TdsParserStateObject stateObj, Boolean& dataReady)
   at System.Data.SqlClient.SqlCommand.RunExecuteNonQueryTds(String methodName, Boolean async, Int32 timeout, Boolean asyncWrite)
   at System.Data.SqlClient.SqlCommand.InternalExecuteNonQuery(TaskCompletionSource`1 completion, String methodName, Boolean sendToPipe, Int32 timeout, Boolean& usedCache, Boolean asyncWrite, Boolean inRetry)
   at System.Data.SqlClient.SqlCommand.ExecuteNonQuery()
   at DXApplication1.Common.msSQL.ExecuteNonQuery(String query_string)
ClientConnectionId:74065b1a-c0cd-4461-96f5-66d1e9fee4cb
Error Number:156,State:1,Class:15
UPDATE Tbl_Waste_Management_Weighing_Orders SET weighing_order_name = '20250102-F1-IN',factory_id = 1,contractor_id = 0,vehicle_id = 0, WHERE pkid = 1
[2025-01-02 15:41:35.386] - [ExecuteNonQuery] - System.Data.SqlClient.SqlException (0x80131904): Incorrect syntax near the keyword 'WHERE'.
   at System.Data.SqlClient.SqlConnection.OnError(SqlException exception, Boolean breakConnection, Action`1 wrapCloseInAction)
   at System.Data.SqlClient.SqlInternalConnection.OnError(SqlException exception, Boolean breakConnection, Action`1 wrapCloseInAction)
   at System.Data.SqlClient.TdsParser.ThrowExceptionAndWarning(TdsParserStateObject stateObj, Boolean callerHasConnectionLock, Boolean asyncClose)
   at System.Data.SqlClient.TdsParser.TryRun(RunBehavior runBehavior, SqlCommand cmdHandler, SqlDataReader dataStream, BulkCopySimpleResultSet bulkCopyHandler, TdsParserStateObject stateObj, Boolean& dataReady)
   at System.Data.SqlClient.SqlCommand.RunExecuteNonQueryTds(String methodName, Boolean async, Int32 timeout, Boolean asyncWrite)
   at System.Data.SqlClient.SqlCommand.InternalExecuteNonQuery(TaskCompletionSource`1 completion, String methodName, Boolean sendToPipe, Int32 timeout, Boolean& usedCache, Boolean asyncWrite, Boolean inRetry)
   at System.Data.SqlClient.SqlCommand.ExecuteNonQuery()
   at DXApplication1.Common.msSQL.ExecuteNonQuery(String query_string)
ClientConnectionId:74065b1a-c0cd-4461-96f5-66d1e9fee4cb
Error Number:156,State:1,Class:15
UPDATE Tbl_Waste_Management_Weighing_Orders SET weighing_order_name = '20250102-F1-IN',factory_id = 1,contractor_id = 0,vehicle_id = 0, WHERE pkid = 1
[2025-01-02 15:41:39.872] - [ExecuteNonQuery] - System.Data.SqlClient.SqlException (0x80131904): Incorrect syntax near the keyword 'WHERE'.
   at System.Data.SqlClient.SqlConnection.OnError(SqlException exception, Boolean breakConnection, Action`1 wrapCloseInAction)
   at System.Data.SqlClient.SqlInternalConnection.OnError(SqlException exception, Boolean breakConnection, Action`1 wrapCloseInAction)
   at System.Data.SqlClient.TdsParser.ThrowExceptionAndWarning(TdsParserStateObject stateObj, Boolean callerHasConnectionLock, Boolean asyncClose)
   at System.Data.SqlClient.TdsParser.TryRun(RunBehavior runBehavior, SqlCommand cmdHandler, SqlDataReader dataStream, BulkCopySimpleResultSet bulkCopyHandler, TdsParserStateObject stateObj, Boolean& dataReady)
   at System.Data.SqlClient.SqlCommand.RunExecuteNonQueryTds(String methodName, Boolean async, Int32 timeout, Boolean asyncWrite)
   at System.Data.SqlClient.SqlCommand.InternalExecuteNonQuery(TaskCompletionSource`1 completion, String methodName, Boolean sendToPipe, Int32 timeout, Boolean& usedCache, Boolean asyncWrite, Boolean inRetry)
   at System.Data.SqlClient.SqlCommand.ExecuteNonQuery()
   at DXApplication1.Common.msSQL.ExecuteNonQuery(String query_string)
ClientConnectionId:74065b1a-c0cd-4461-96f5-66d1e9fee4cb
Error Number:156,State:1,Class:15
UPDATE Tbl_Waste_Management_Weighing_Orders SET weighing_order_name = '20250102-F1-IN',factory_id = 1,contractor_id = 0,vehicle_id = 0, WHERE pkid = 1
[2025-01-02 15:42:03.597] - [ExecuteNonQuery] - System.Data.SqlClient.SqlException (0x80131904): Incorrect syntax near the keyword 'WHERE'.
   at System.Data.SqlClient.SqlConnection.OnError(SqlException exception, Boolean breakConnection, Action`1 wrapCloseInAction)
   at System.Data.SqlClient.SqlInternalConnection.OnError(SqlException exception, Boolean breakConnection, Action`1 wrapCloseInAction)
   at System.Data.SqlClient.TdsParser.ThrowExceptionAndWarning(TdsParserStateObject stateObj, Boolean callerHasConnectionLock, Boolean asyncClose)
   at System.Data.SqlClient.TdsParser.TryRun(RunBehavior runBehavior, SqlCommand cmdHandler, SqlDataReader dataStream, BulkCopySimpleResultSet bulkCopyHandler, TdsParserStateObject stateObj, Boolean& dataReady)
   at System.Data.SqlClient.SqlCommand.RunExecuteNonQueryTds(String methodName, Boolean async, Int32 timeout, Boolean asyncWrite)
   at System.Data.SqlClient.SqlCommand.InternalExecuteNonQuery(TaskCompletionSource`1 completion, String methodName, Boolean sendToPipe, Int32 timeout, Boolean& usedCache, Boolean asyncWrite, Boolean inRetry)
   at System.Data.SqlClient.SqlCommand.ExecuteNonQuery()
   at DXApplication1.Common.msSQL.ExecuteNonQuery(String query_string)
ClientConnectionId:74065b1a-c0cd-4461-96f5-66d1e9fee4cb
Error Number:156,State:1,Class:15
UPDATE Tbl_Waste_Management_Weighing_Orders SET weighing_order_name = '20250102-F1-IN',factory_id = 1,contractor_id = 0,vehicle_id = 0, WHERE pkid = 1
[2025-01-02 15:57:35.875] - [ExecuteNonQuery] - System.Data.SqlClient.SqlException (0x80131904): Invalid column name 'weighing_order_id'.
   at System.Data.SqlClient.SqlConnection.OnError(SqlException exception, Boolean breakConnection, Action`1 wrapCloseInAction)
   at System.Data.SqlClient.SqlInternalConnection.OnError(SqlException exception, Boolean breakConnection, Action`1 wrapCloseInAction)
   at System.Data.SqlClient.TdsParser.ThrowExceptionAndWarning(TdsParserStateObject stateObj, Boolean callerHasConnectionLock, Boolean asyncClose)
   at System.Data.SqlClient.TdsParser.TryRun(RunBehavior runBehavior, SqlCommand cmdHandler, SqlDataReader dataStream, BulkCopySimpleResultSet bulkCopyHandler, TdsParserStateObject stateObj, Boolean& dataReady)
   at System.Data.SqlClient.SqlCommand.RunExecuteNonQueryTds(String methodName, Boolean async, Int32 timeout, Boolean asyncWrite)
   at System.Data.SqlClient.SqlCommand.InternalExecuteNonQuery(TaskCompletionSource`1 completion, String methodName, Boolean sendToPipe, Int32 timeout, Boolean& usedCache, Boolean asyncWrite, Boolean inRetry)
   at System.Data.SqlClient.SqlCommand.ExecuteNonQuery()
   at DXApplication1.Common.msSQL.ExecuteNonQuery(String query_string)
ClientConnectionId:11575152-7460-4972-ab67-6d122438a331
Error Number:207,State:1,Class:16
UPDATE Tbl_Waste_Management_Weighing_Orders SET weighing_order_name = '20250102-F1-OUT-TL-17B1234',factory_id = 1,contractor_id = 1,vehicle_id = 1,weighing_order_id = 2 WHERE pkid = 3
[2025-01-02 15:57:43.452] - [ExecuteNonQuery] - System.Data.SqlClient.SqlException (0x80131904): Invalid column name 'weighing_order_id'.
   at System.Data.SqlClient.SqlConnection.OnError(SqlException exception, Boolean breakConnection, Action`1 wrapCloseInAction)
   at System.Data.SqlClient.SqlInternalConnection.OnError(SqlException exception, Boolean breakConnection, Action`1 wrapCloseInAction)
   at System.Data.SqlClient.TdsParser.ThrowExceptionAndWarning(TdsParserStateObject stateObj, Boolean callerHasConnectionLock, Boolean asyncClose)
   at System.Data.SqlClient.TdsParser.TryRun(RunBehavior runBehavior, SqlCommand cmdHandler, SqlDataReader dataStream, BulkCopySimpleResultSet bulkCopyHandler, TdsParserStateObject stateObj, Boolean& dataReady)
   at System.Data.SqlClient.SqlCommand.RunExecuteNonQueryTds(String methodName, Boolean async, Int32 timeout, Boolean asyncWrite)
   at System.Data.SqlClient.SqlCommand.InternalExecuteNonQuery(TaskCompletionSource`1 completion, String methodName, Boolean sendToPipe, Int32 timeout, Boolean& usedCache, Boolean asyncWrite, Boolean inRetry)
   at System.Data.SqlClient.SqlCommand.ExecuteNonQuery()
   at DXApplication1.Common.msSQL.ExecuteNonQuery(String query_string)
ClientConnectionId:11575152-7460-4972-ab67-6d122438a331
Error Number:207,State:1,Class:16
UPDATE Tbl_Waste_Management_Weighing_Orders SET weighing_order_name = '20250102-F1-OUT-TL-17B1234',factory_id = 1,contractor_id = 1,vehicle_id = 1,weighing_order_id = 2 WHERE pkid = 3
[2025-01-02 15:58:17.789] - [ExecuteNonQuery] - System.Data.SqlClient.SqlException (0x80131904): Invalid column name 'weighing_order_id'.
   at System.Data.SqlClient.SqlConnection.OnError(SqlException exception, Boolean breakConnection, Action`1 wrapCloseInAction)
   at System.Data.SqlClient.SqlInternalConnection.OnError(SqlException exception, Boolean breakConnection, Action`1 wrapCloseInAction)
   at System.Data.SqlClient.TdsParser.ThrowExceptionAndWarning(TdsParserStateObject stateObj, Boolean callerHasConnectionLock, Boolean asyncClose)
   at System.Data.SqlClient.TdsParser.TryRun(RunBehavior runBehavior, SqlCommand cmdHandler, SqlDataReader dataStream, BulkCopySimpleResultSet bulkCopyHandler, TdsParserStateObject stateObj, Boolean& dataReady)
   at System.Data.SqlClient.SqlCommand.RunExecuteNonQueryTds(String methodName, Boolean async, Int32 timeout, Boolean asyncWrite)
   at System.Data.SqlClient.SqlCommand.InternalExecuteNonQuery(TaskCompletionSource`1 completion, String methodName, Boolean sendToPipe, Int32 timeout, Boolean& usedCache, Boolean asyncWrite, Boolean inRetry)
   at System.Data.SqlClient.SqlCommand.ExecuteNonQuery()
   at DXApplication1.Common.msSQL.ExecuteNonQuery(String query_string)
ClientConnectionId:11575152-7460-4972-ab67-6d122438a331
Error Number:207,State:1,Class:16
UPDATE Tbl_Waste_Management_Weighing_Orders SET weighing_order_name = '20250102-F1-OUT-TL-17B1234',factory_id = 1,contractor_id = 1,vehicle_id = 1,weighing_order_id = 2 WHERE pkid = 3
