Đây là LOG file phần mềm Aray Led Test 
[2025-02-12 14:15:37.984] - [ExecuteNonQuery] - System.Data.SqlClient.SqlException (0x80131904): Incorrect syntax near '2025-02-14'.
   at System.Data.SqlClient.SqlConnection.OnError(SqlException exception, Boolean breakConnection, Action`1 wrapCloseInAction)
   at System.Data.SqlClient.SqlInternalConnection.OnError(SqlException exception, Boolean breakConnection, Action`1 wrapCloseInAction)
   at System.Data.SqlClient.TdsParser.ThrowExceptionAndWarning(TdsParserStateObject stateObj, Boolean callerHasConnectionLock, Boolean asyncClose)
   at System.Data.SqlClient.TdsParser.TryRun(RunBehavior runBehavior, SqlCommand cmdHandler, SqlDataReader dataStream, BulkCopySimpleResultSet bulkCopyHandler, TdsParserStateObject stateObj, Boolean& dataReady)
   at System.Data.SqlClient.SqlCommand.RunExecuteNonQueryTds(String methodName, Boolean async, Int32 timeout, Boolean asyncWrite)
   at System.Data.SqlClient.SqlCommand.InternalExecuteNonQuery(TaskCompletionSource`1 completion, String methodName, Boolean sendToPipe, Int32 timeout, Boolean& usedCache, Boolean asyncWrite, Boolean inRetry)
   at System.Data.SqlClient.SqlCommand.ExecuteNonQuery()
   at DXApplication1.Common.msSQL.ExecuteNonQuery(String query_string)
ClientConnectionId:f9325110-083f-4d54-a4e3-cec77f52c257
Error Number:102,State:1,Class:15
INSERT INTO Tbl_Waste_Management_Weighing_Orders(weighing_order_name,factory_id,contractor_id,vehicle_id,weighing_type_id,process_date) VALUES('20250212-F1-GIAO-TL-17M76429-01',1,1,1,2), '2025-02-14'
[2025-02-12 14:16:43.931] - [ExecuteNonQuery] - System.Data.SqlClient.SqlException (0x80131904): Incorrect syntax near '2025-02-14'.
   at System.Data.SqlClient.SqlConnection.OnError(SqlException exception, Boolean breakConnection, Action`1 wrapCloseInAction)
   at System.Data.SqlClient.SqlInternalConnection.OnError(SqlException exception, Boolean breakConnection, Action`1 wrapCloseInAction)
   at System.Data.SqlClient.TdsParser.ThrowExceptionAndWarning(TdsParserStateObject stateObj, Boolean callerHasConnectionLock, Boolean asyncClose)
   at System.Data.SqlClient.TdsParser.TryRun(RunBehavior runBehavior, SqlCommand cmdHandler, SqlDataReader dataStream, BulkCopySimpleResultSet bulkCopyHandler, TdsParserStateObject stateObj, Boolean& dataReady)
   at System.Data.SqlClient.SqlCommand.RunExecuteNonQueryTds(String methodName, Boolean async, Int32 timeout, Boolean asyncWrite)
   at System.Data.SqlClient.SqlCommand.InternalExecuteNonQuery(TaskCompletionSource`1 completion, String methodName, Boolean sendToPipe, Int32 timeout, Boolean& usedCache, Boolean asyncWrite, Boolean inRetry)
   at System.Data.SqlClient.SqlCommand.ExecuteNonQuery()
   at DXApplication1.Common.msSQL.ExecuteNonQuery(String query_string)
ClientConnectionId:f9325110-083f-4d54-a4e3-cec77f52c257
Error Number:102,State:1,Class:15
INSERT INTO Tbl_Waste_Management_Weighing_Orders(weighing_order_name,factory_id,contractor_id,vehicle_id,weighing_type_id,process_date) VALUES('20250212-F1-GIAO-TL-17M76429-01',1,1,1,2), '2025-02-14'
[2025-02-12 14:17:07.948] - [ExecuteNonQuery] - System.Data.SqlClient.SqlException (0x80131904): Incorrect syntax near '2025-02-14'.
   at System.Data.SqlClient.SqlConnection.OnError(SqlException exception, Boolean breakConnection, Action`1 wrapCloseInAction)
   at System.Data.SqlClient.SqlInternalConnection.OnError(SqlException exception, Boolean breakConnection, Action`1 wrapCloseInAction)
   at System.Data.SqlClient.TdsParser.ThrowExceptionAndWarning(TdsParserStateObject stateObj, Boolean callerHasConnectionLock, Boolean asyncClose)
   at System.Data.SqlClient.TdsParser.TryRun(RunBehavior runBehavior, SqlCommand cmdHandler, SqlDataReader dataStream, BulkCopySimpleResultSet bulkCopyHandler, TdsParserStateObject stateObj, Boolean& dataReady)
   at System.Data.SqlClient.SqlCommand.RunExecuteNonQueryTds(String methodName, Boolean async, Int32 timeout, Boolean asyncWrite)
   at System.Data.SqlClient.SqlCommand.InternalExecuteNonQuery(TaskCompletionSource`1 completion, String methodName, Boolean sendToPipe, Int32 timeout, Boolean& usedCache, Boolean asyncWrite, Boolean inRetry)
   at System.Data.SqlClient.SqlCommand.ExecuteNonQuery()
   at DXApplication1.Common.msSQL.ExecuteNonQuery(String query_string)
ClientConnectionId:f9325110-083f-4d54-a4e3-cec77f52c257
Error Number:102,State:1,Class:15
INSERT INTO Tbl_Waste_Management_Weighing_Orders(weighing_order_name,factory_id,contractor_id,vehicle_id,weighing_type_id,process_date) VALUES('20250212-F1-GIAO-TL-17M76429-01',1,1,1,2), '2025-02-14'
